// Jest Snapshot v1, https://goo.gl/fbAQLP

exports[`works without web workers 1`] = `
"- Check types
[32mâœ”[39m Check types
[32mâœ” [39m[90mtest/[37m[1merrors.ts[22m[39m[90m[39m
[32mâœ” [39m[90mtest/[37m[1mtypes.ts[22m[39m[90m[39m
"
`;
